// Jest Snapshot v1, https://goo.gl/fbAQLP

exports[`should be a object - fonts 1`] = `
Object {
  "FONT_FAMILY": "'Lato', sans-serif;",
  "FONT_SIZE_LARGE": 16,
  "FONT_SIZE_MEDIUM": 14,
  "FONT_SIZE_SMALL": 12,
  "FONT_WEIGHT_HEAVY": 800,
  "FONT_WEIGHT_LIGHT": 200,
  "FONT_WEIGHT_MEDIUM": 600,
}
`;
