// Jest Snapshot v1, https://goo.gl/fbAQLP

exports[`renders correctly - StatusBar 1`] = `null`;
