// Jest Snapshot v1, https://goo.gl/fbAQLP

exports[`renders correctly - View 1`] = `
<View>
  <Text
    style={
      Array [
        Object {
          "color": "#161617",
        },
        undefined,
      ]
    }
  >
    Hello Word!
  </Text>
</View>
`;
